2023-05-22Could not write user data.
